{
  "version": "1.5.0",
  "plugins_used": [
    {
      "name": "ArtifactoryDetector"
    },
    {
      "name": "AWSKeyDetector"
    },
    {
      "name": "AzureStorageKeyDetector"
    },
    {
      "name": "Base64HighEntropyString",
      "limit": 4.5
    },
    {
      "name": "BasicAuthDetector"
    },
    {
      "name": "CloudantDetector"
    },
    {
      "name": "DiscordBotTokenDetector"
    },
    {
      "name": "GitHubTokenDetector"
    },
    {
      "name": "GitLabTokenDetector"
    },
    {
      "name": "HexHighEntropyString",
      "limit": 3.0
    },
    {
      "name": "IbmCloudIamDetector"
    },
    {
      "name": "IbmCosHmacDetector"
    },
    {
      "name": "IPPublicDetector"
    },
    {
      "name": "JwtTokenDetector"
    },
    {
      "name": "KeywordDetector",
      "keyword_exclude": ""
    },
    {
      "name": "MailchimpDetector"
    },
    {
      "name": "NpmDetector"
    },
    {
      "name": "OpenAIDetector"
    },
    {
      "name": "PrivateKeyDetector"
    },
    {
      "name": "PypiTokenDetector"
    },
    {
      "name": "SendGridDetector"
    },
    {
      "name": "SlackDetector"
    },
    {
      "name": "SoftlayerDetector"
    },
    {
      "name": "SquareOAuthDetector"
    },
    {
      "name": "StripeDetector"
    },
    {
      "name": "TelegramBotTokenDetector"
    },
    {
      "name": "TwilioKeyDetector"
    }
  ],
  "filters_used": [
    {
      "path": "detect_secrets.filters.allowlist.is_line_allowlisted"
    },
    {
      "path": "detect_secrets.filters.common.is_baseline_file",
      "filename": ".secrets.baseline"
    },
    {
      "path": "detect_secrets.filters.common.is_ignored_due_to_verification_policies",
      "min_level": 2
    },
    {
      "path": "detect_secrets.filters.heuristic.is_indirect_reference"
    },
    {
      "path": "detect_secrets.filters.heuristic.is_likely_id_string"
    },
    {
      "path": "detect_secrets.filters.heuristic.is_lock_file"
    },
    {
      "path": "detect_secrets.filters.heuristic.is_not_alphanumeric_string"
    },
    {
      "path": "detect_secrets.filters.heuristic.is_potential_uuid"
    },
    {
      "path": "detect_secrets.filters.heuristic.is_prefixed_with_dollar_sign"
    },
    {
      "path": "detect_secrets.filters.heuristic.is_sequential_string"
    },
    {
      "path": "detect_secrets.filters.heuristic.is_swagger_file"
    },
    {
      "path": "detect_secrets.filters.heuristic.is_templated_secret"
    },
    {
      "path": "detect_secrets.filters.regex.should_exclude_file",
      "pattern": [
        "configs/.*\\.json",
        "\\.md$",
        "package-lock\\.json",
        "\\.lock$"
      ]
    }
  ],
  "results": {
    "deploy/Validation-Helpers.psm1": [
      {
        "type": "Base64 High Entropy String",
        "filename": "deploy/Validation-Helpers.psm1",
        "hashed_secret": "b173ce3ab26e49197a0a2c968ae03937ead2c080",
        "is_verified": false,
        "line_number": 129
      }
    ],
    "scripts/debug/test_server.py": [
      {
        "type": "Secret Keyword",
        "filename": "scripts/debug/test_server.py",
        "hashed_secret": "b9615cef6cff3572af1365ff44c8b92ea9266f3e",
        "is_verified": false,
        "line_number": 21
      }
    ],
    "tests/conftest.py": [
      {
        "type": "Secret Keyword",
        "filename": "tests/conftest.py",
        "hashed_secret": "4d17c93ac921a12849d82c39ae4652285b56b88c",
        "is_verified": false,
        "line_number": 26
      }
    ],
    "tests/test_appeal_interference_field_paths.py": [
      {
        "type": "Hex High Entropy String",
        "filename": "tests/test_appeal_interference_field_paths.py",
        "hashed_secret": "21e33351922f616056327b778459afc9e5fa96bc",
        "is_verified": false,
        "line_number": 136
      }
    ],
    "tests/test_auth_provider.py": [
      {
        "type": "Secret Keyword",
        "filename": "tests/test_auth_provider.py",
        "hashed_secret": "ac76baa2fc26ee51c161d710eef11a233ed88e34",
        "is_verified": false,
        "line_number": 98
      },
      {
        "type": "Secret Keyword",
        "filename": "tests/test_auth_provider.py",
        "hashed_secret": "3c70fa2a49fced5064d3be96527a46b85e39ac4e",
        "is_verified": false,
        "line_number": 100
      },
      {
        "type": "Secret Keyword",
        "filename": "tests/test_auth_provider.py",
        "hashed_secret": "a0f4ea7d91495df92bbac2e2149dfb850fe81396",
        "is_verified": false,
        "line_number": 174
      }
    ],
    "tests/test_client_transport_hardening.py": [
      {
        "type": "Secret Keyword",
        "filename": "tests/test_client_transport_hardening.py",
        "hashed_secret": "fc7c04b5cbd1d9bb6ef40cdbe21594052e40404a",
        "is_verified": false,
        "line_number": 24
      }
    ],
    "tests/test_deployment.py": [
      {
        "type": "Base64 High Entropy String",
        "filename": "tests/test_deployment.py",
        "hashed_secret": "e4b7bc9d337f4b83fbc9df8bb89a391a2546d1a3",
        "is_verified": false,
        "line_number": 52
      }
    ],
    "tests/test_docket_walk_partial.py": [
      {
        "type": "Secret Keyword",
        "filename": "tests/test_docket_walk_partial.py",
        "hashed_secret": "fc7c04b5cbd1d9bb6ef40cdbe21594052e40404a",
        "is_verified": false,
        "line_number": 20
      }
    ],
    "tests/test_internal_auth_rotation.py": [
      {
        "type": "Secret Keyword",
        "filename": "tests/test_internal_auth_rotation.py",
        "hashed_secret": "70e5c32ec4cf76ce9baf6e5205d67af646dc03a8",
        "is_verified": false,
        "line_number": 12
      }
    ],
    "tests/test_proxy_app_wiring.py": [
      {
        "type": "Secret Keyword",
        "filename": "tests/test_proxy_app_wiring.py",
        "hashed_secret": "3acfb2c2b433c0ea7ff107e33df91b18e52f960f",
        "is_verified": false,
        "line_number": 22
      }
    ],
    "tests/test_proxy_integration.py": [
      {
        "type": "Secret Keyword",
        "filename": "tests/test_proxy_integration.py",
        "hashed_secret": "3b979f2676df7070a7c8d6038463fa61759ee8fb",
        "is_verified": false,
        "line_number": 221
      },
      {
        "type": "Secret Keyword",
        "filename": "tests/test_proxy_integration.py",
        "hashed_secret": "00942f4668670f34c5943cf52c7ef3139fe2b8d6",
        "is_verified": false,
        "line_number": 240
      }
    ],
    "tests/test_resilience_fixes.py": [
      {
        "type": "Secret Keyword",
        "filename": "tests/test_resilience_fixes.py",
        "hashed_secret": "73928df4bb9bce57a47049bf7c04738f6653205f",
        "is_verified": false,
        "line_number": 23
      }
    ]
  },
  "generated_at": "2026-09-03T19:28:14Z"
}
